<?xml version="1.0" encoding="UTF-8"?>
<testsuites>
  <testsuite name="Tests\Feature\ExplorationTest" file="C:\xampp\htdocs\laravel-projects\Refactoring\Epic-Explore-Api\tests\Feature\ExplorationTest.php" tests="6" assertions="0" errors="6" failures="0" skipped="0" time="2.610044">
    <testcase name="test_user_can_check_in_to_place" file="C:\xampp\htdocs\laravel-projects\Refactoring\Epic-Explore-Api\tests\Feature\ExplorationTest.php" line="40" class="Tests\Feature\ExplorationTest" classname="Tests.Feature.ExplorationTest" assertions="0" time="2.202999">
      <error type="Illuminate\Database\QueryException">Tests\Feature\ExplorationTest::test_user_can_check_in_to_place&#13;
Illuminate\Database\QueryException: SQLSTATE[23000]: Integrity constraint violation: 19 NOT NULL constraint failed: users.image (Connection: sqlite, Database: :memory:, SQL: insert into "users" ("name", "email", "email_verified_at", "password", "remember_token", "updated_at", "created_at") values (Miss Libbie Ziemann, jennie89@example.org, 2026-04-18 19:43:25, $2y$04$r.gXy/IImjRCH.GCb5Pn.e3ABhlquWmjdXTGBk3CdBVAvmRE2/bAS, LqhTGKtIYE, 2026-04-18 19:43:25, 2026-04-18 19:43:25))
&#13;
C:\xampp\htdocs\laravel-projects\Refactoring\Epic-Explore-Api\vendor\laravel\framework\src\Illuminate\Database\Connection.php:838
C:\xampp\htdocs\laravel-projects\Refactoring\Epic-Explore-Api\vendor\laravel\framework\src\Illuminate\Database\Connection.php:794
C:\xampp\htdocs\laravel-projects\Refactoring\Epic-Explore-Api\vendor\laravel\framework\src\Illuminate\Database\Connection.php:573
C:\xampp\htdocs\laravel-projects\Refactoring\Epic-Explore-Api\vendor\laravel\framework\src\Illuminate\Database\Connection.php:537
C:\xampp\htdocs\laravel-projects\Refactoring\Epic-Explore-Api\vendor\laravel\framework\src\Illuminate\Database\Query\Processors\Processor.php:32
C:\xampp\htdocs\laravel-projects\Refactoring\Epic-Explore-Api\vendor\laravel\framework\src\Illuminate\Database\Query\Builder.php:4170
C:\xampp\htdocs\laravel-projects\Refactoring\Epic-Explore-Api\vendor\laravel\framework\src\Illuminate\Database\Eloquent\Builder.php:2237
C:\xampp\htdocs\laravel-projects\Refactoring\Epic-Explore-Api\vendor\laravel\framework\src\Illuminate\Database\Eloquent\Model.php:1436
C:\xampp\htdocs\laravel-projects\Refactoring\Epic-Explore-Api\vendor\laravel\framework\src\Illuminate\Database\Eloquent\Model.php:1401
C:\xampp\htdocs\laravel-projects\Refactoring\Epic-Explore-Api\vendor\laravel\framework\src\Illuminate\Database\Eloquent\Model.php:1240
C:\xampp\htdocs\laravel-projects\Refactoring\Epic-Explore-Api\vendor\laravel\framework\src\Illuminate\Database\Eloquent\Factories\Factory.php:370
C:\xampp\htdocs\laravel-projects\Refactoring\Epic-Explore-Api\vendor\laravel\framework\src\Illuminate\Collections\Traits\EnumeratesValues.php:275
C:\xampp\htdocs\laravel-projects\Refactoring\Epic-Explore-Api\vendor\laravel\framework\src\Illuminate\Database\Eloquent\Factories\Factory.php:365
C:\xampp\htdocs\laravel-projects\Refactoring\Epic-Explore-Api\vendor\laravel\framework\src\Illuminate\Database\Eloquent\Factories\Factory.php:321
C:\xampp\htdocs\laravel-projects\Refactoring\Epic-Explore-Api\tests\Feature\ExplorationTest.php:42</error>
    </testcase>
    <testcase name="test_user_can_view_leaderboard" file="C:\xampp\htdocs\laravel-projects\Refactoring\Epic-Explore-Api\tests\Feature\ExplorationTest.php" line="69" class="Tests\Feature\ExplorationTest" classname="Tests.Feature.ExplorationTest" assertions="0" time="0.078963">
      <error type="Illuminate\Database\QueryException">Tests\Feature\ExplorationTest::test_user_can_view_leaderboard&#13;
Illuminate\Database\QueryException: SQLSTATE[23000]: Integrity constraint violation: 19 NOT NULL constraint failed: users.image (Connection: sqlite, Database: :memory:, SQL: insert into "users" ("name", "email", "email_verified_at", "password", "remember_token", "exp", "updated_at", "created_at") values (Top User, ollie.schowalter@example.com, 2026-04-18 19:43:26, $2y$04$r.gXy/IImjRCH.GCb5Pn.e3ABhlquWmjdXTGBk3CdBVAvmRE2/bAS, HiK3ypZcK6, 1000, 2026-04-18 19:43:26, 2026-04-18 19:43:26))
&#13;
C:\xampp\htdocs\laravel-projects\Refactoring\Epic-Explore-Api\vendor\laravel\framework\src\Illuminate\Database\Connection.php:838
C:\xampp\htdocs\laravel-projects\Refactoring\Epic-Explore-Api\vendor\laravel\framework\src\Illuminate\Database\Connection.php:794
C:\xampp\htdocs\laravel-projects\Refactoring\Epic-Explore-Api\vendor\laravel\framework\src\Illuminate\Database\Connection.php:573
C:\xampp\htdocs\laravel-projects\Refactoring\Epic-Explore-Api\vendor\laravel\framework\src\Illuminate\Database\Connection.php:537
C:\xampp\htdocs\laravel-projects\Refactoring\Epic-Explore-Api\vendor\laravel\framework\src\Illuminate\Database\Query\Processors\Processor.php:32
C:\xampp\htdocs\laravel-projects\Refactoring\Epic-Explore-Api\vendor\laravel\framework\src\Illuminate\Database\Query\Builder.php:4170
C:\xampp\htdocs\laravel-projects\Refactoring\Epic-Explore-Api\vendor\laravel\framework\src\Illuminate\Database\Eloquent\Builder.php:2237
C:\xampp\htdocs\laravel-projects\Refactoring\Epic-Explore-Api\vendor\laravel\framework\src\Illuminate\Database\Eloquent\Model.php:1436
C:\xampp\htdocs\laravel-projects\Refactoring\Epic-Explore-Api\vendor\laravel\framework\src\Illuminate\Database\Eloquent\Model.php:1401
C:\xampp\htdocs\laravel-projects\Refactoring\Epic-Explore-Api\vendor\laravel\framework\src\Illuminate\Database\Eloquent\Model.php:1240
C:\xampp\htdocs\laravel-projects\Refactoring\Epic-Explore-Api\vendor\laravel\framework\src\Illuminate\Database\Eloquent\Factories\Factory.php:370
C:\xampp\htdocs\laravel-projects\Refactoring\Epic-Explore-Api\vendor\laravel\framework\src\Illuminate\Collections\Traits\EnumeratesValues.php:275
C:\xampp\htdocs\laravel-projects\Refactoring\Epic-Explore-Api\vendor\laravel\framework\src\Illuminate\Database\Eloquent\Factories\Factory.php:365
C:\xampp\htdocs\laravel-projects\Refactoring\Epic-Explore-Api\vendor\laravel\framework\src\Illuminate\Database\Eloquent\Factories\Factory.php:321
C:\xampp\htdocs\laravel-projects\Refactoring\Epic-Explore-Api\vendor\laravel\framework\src\Illuminate\Database\Eloquent\Factories\Factory.php:315
C:\xampp\htdocs\laravel-projects\Refactoring\Epic-Explore-Api\tests\Feature\ExplorationTest.php:71</error>
    </testcase>
    <testcase name="test_user_can_view_home_content" file="C:\xampp\htdocs\laravel-projects\Refactoring\Epic-Explore-Api\tests\Feature\ExplorationTest.php" line="83" class="Tests\Feature\ExplorationTest" classname="Tests.Feature.ExplorationTest" assertions="0" time="0.088786">
      <error type="Illuminate\Database\QueryException">Tests\Feature\ExplorationTest::test_user_can_view_home_content&#13;
Illuminate\Database\QueryException: SQLSTATE[23000]: Integrity constraint violation: 19 NOT NULL constraint failed: users.image (Connection: sqlite, Database: :memory:, SQL: insert into "users" ("name", "email", "email_verified_at", "password", "remember_token", "updated_at", "created_at") values (Gerry Beier, gilda37@example.com, 2026-04-18 19:43:26, $2y$04$r.gXy/IImjRCH.GCb5Pn.e3ABhlquWmjdXTGBk3CdBVAvmRE2/bAS, tU8zzAUFHb, 2026-04-18 19:43:26, 2026-04-18 19:43:26))
&#13;
C:\xampp\htdocs\laravel-projects\Refactoring\Epic-Explore-Api\vendor\laravel\framework\src\Illuminate\Database\Connection.php:838
C:\xampp\htdocs\laravel-projects\Refactoring\Epic-Explore-Api\vendor\laravel\framework\src\Illuminate\Database\Connection.php:794
C:\xampp\htdocs\laravel-projects\Refactoring\Epic-Explore-Api\vendor\laravel\framework\src\Illuminate\Database\Connection.php:573
C:\xampp\htdocs\laravel-projects\Refactoring\Epic-Explore-Api\vendor\laravel\framework\src\Illuminate\Database\Connection.php:537
C:\xampp\htdocs\laravel-projects\Refactoring\Epic-Explore-Api\vendor\laravel\framework\src\Illuminate\Database\Query\Processors\Processor.php:32
C:\xampp\htdocs\laravel-projects\Refactoring\Epic-Explore-Api\vendor\laravel\framework\src\Illuminate\Database\Query\Builder.php:4170
C:\xampp\htdocs\laravel-projects\Refactoring\Epic-Explore-Api\vendor\laravel\framework\src\Illuminate\Database\Eloquent\Builder.php:2237
C:\xampp\htdocs\laravel-projects\Refactoring\Epic-Explore-Api\vendor\laravel\framework\src\Illuminate\Database\Eloquent\Model.php:1436
C:\xampp\htdocs\laravel-projects\Refactoring\Epic-Explore-Api\vendor\laravel\framework\src\Illuminate\Database\Eloquent\Model.php:1401
C:\xampp\htdocs\laravel-projects\Refactoring\Epic-Explore-Api\vendor\laravel\framework\src\Illuminate\Database\Eloquent\Model.php:1240
C:\xampp\htdocs\laravel-projects\Refactoring\Epic-Explore-Api\vendor\laravel\framework\src\Illuminate\Database\Eloquent\Factories\Factory.php:370
C:\xampp\htdocs\laravel-projects\Refactoring\Epic-Explore-Api\vendor\laravel\framework\src\Illuminate\Collections\Traits\EnumeratesValues.php:275
C:\xampp\htdocs\laravel-projects\Refactoring\Epic-Explore-Api\vendor\laravel\framework\src\Illuminate\Database\Eloquent\Factories\Factory.php:365
C:\xampp\htdocs\laravel-projects\Refactoring\Epic-Explore-Api\vendor\laravel\framework\src\Illuminate\Database\Eloquent\Factories\Factory.php:321
C:\xampp\htdocs\laravel-projects\Refactoring\Epic-Explore-Api\tests\Feature\ExplorationTest.php:85</error>
    </testcase>
    <testcase name="test_user_can_view_discover_feed" file="C:\xampp\htdocs\laravel-projects\Refactoring\Epic-Explore-Api\tests\Feature\ExplorationTest.php" line="101" class="Tests\Feature\ExplorationTest" classname="Tests.Feature.ExplorationTest" assertions="0" time="0.082637">
      <error type="Illuminate\Database\QueryException">Tests\Feature\ExplorationTest::test_user_can_view_discover_feed&#13;
Illuminate\Database\QueryException: SQLSTATE[23000]: Integrity constraint violation: 19 NOT NULL constraint failed: users.image (Connection: sqlite, Database: :memory:, SQL: insert into "users" ("name", "email", "email_verified_at", "password", "remember_token", "updated_at", "created_at") values (Valentine Mraz, nya.stark@example.org, 2026-04-18 19:43:26, $2y$04$r.gXy/IImjRCH.GCb5Pn.e3ABhlquWmjdXTGBk3CdBVAvmRE2/bAS, xOKy8e6ggB, 2026-04-18 19:43:26, 2026-04-18 19:43:26))
&#13;
C:\xampp\htdocs\laravel-projects\Refactoring\Epic-Explore-Api\vendor\laravel\framework\src\Illuminate\Database\Connection.php:838
C:\xampp\htdocs\laravel-projects\Refactoring\Epic-Explore-Api\vendor\laravel\framework\src\Illuminate\Database\Connection.php:794
C:\xampp\htdocs\laravel-projects\Refactoring\Epic-Explore-Api\vendor\laravel\framework\src\Illuminate\Database\Connection.php:573
C:\xampp\htdocs\laravel-projects\Refactoring\Epic-Explore-Api\vendor\laravel\framework\src\Illuminate\Database\Connection.php:537
C:\xampp\htdocs\laravel-projects\Refactoring\Epic-Explore-Api\vendor\laravel\framework\src\Illuminate\Database\Query\Processors\Processor.php:32
C:\xampp\htdocs\laravel-projects\Refactoring\Epic-Explore-Api\vendor\laravel\framework\src\Illuminate\Database\Query\Builder.php:4170
C:\xampp\htdocs\laravel-projects\Refactoring\Epic-Explore-Api\vendor\laravel\framework\src\Illuminate\Database\Eloquent\Builder.php:2237
C:\xampp\htdocs\laravel-projects\Refactoring\Epic-Explore-Api\vendor\laravel\framework\src\Illuminate\Database\Eloquent\Model.php:1436
C:\xampp\htdocs\laravel-projects\Refactoring\Epic-Explore-Api\vendor\laravel\framework\src\Illuminate\Database\Eloquent\Model.php:1401
C:\xampp\htdocs\laravel-projects\Refactoring\Epic-Explore-Api\vendor\laravel\framework\src\Illuminate\Database\Eloquent\Model.php:1240
C:\xampp\htdocs\laravel-projects\Refactoring\Epic-Explore-Api\vendor\laravel\framework\src\Illuminate\Database\Eloquent\Factories\Factory.php:370
C:\xampp\htdocs\laravel-projects\Refactoring\Epic-Explore-Api\vendor\laravel\framework\src\Illuminate\Collections\Traits\EnumeratesValues.php:275
C:\xampp\htdocs\laravel-projects\Refactoring\Epic-Explore-Api\vendor\laravel\framework\src\Illuminate\Database\Eloquent\Factories\Factory.php:365
C:\xampp\htdocs\laravel-projects\Refactoring\Epic-Explore-Api\vendor\laravel\framework\src\Illuminate\Database\Eloquent\Factories\Factory.php:321
C:\xampp\htdocs\laravel-projects\Refactoring\Epic-Explore-Api\tests\Feature\ExplorationTest.php:103</error>
    </testcase>
    <testcase name="test_user_can_view_and_accept_quests" file="C:\xampp\htdocs\laravel-projects\Refactoring\Epic-Explore-Api\tests\Feature\ExplorationTest.php" line="118" class="Tests\Feature\ExplorationTest" classname="Tests.Feature.ExplorationTest" assertions="0" time="0.076365">
      <error type="Illuminate\Database\QueryException">Tests\Feature\ExplorationTest::test_user_can_view_and_accept_quests&#13;
Illuminate\Database\QueryException: SQLSTATE[23000]: Integrity constraint violation: 19 NOT NULL constraint failed: users.image (Connection: sqlite, Database: :memory:, SQL: insert into "users" ("name", "email", "email_verified_at", "password", "remember_token", "updated_at", "created_at") values (Alisha Wilderman, candace23@example.com, 2026-04-18 19:43:26, $2y$04$r.gXy/IImjRCH.GCb5Pn.e3ABhlquWmjdXTGBk3CdBVAvmRE2/bAS, sHyr3F6UPN, 2026-04-18 19:43:26, 2026-04-18 19:43:26))
&#13;
C:\xampp\htdocs\laravel-projects\Refactoring\Epic-Explore-Api\vendor\laravel\framework\src\Illuminate\Database\Connection.php:838
C:\xampp\htdocs\laravel-projects\Refactoring\Epic-Explore-Api\vendor\laravel\framework\src\Illuminate\Database\Connection.php:794
C:\xampp\htdocs\laravel-projects\Refactoring\Epic-Explore-Api\vendor\laravel\framework\src\Illuminate\Database\Connection.php:573
C:\xampp\htdocs\laravel-projects\Refactoring\Epic-Explore-Api\vendor\laravel\framework\src\Illuminate\Database\Connection.php:537
C:\xampp\htdocs\laravel-projects\Refactoring\Epic-Explore-Api\vendor\laravel\framework\src\Illuminate\Database\Query\Processors\Processor.php:32
C:\xampp\htdocs\laravel-projects\Refactoring\Epic-Explore-Api\vendor\laravel\framework\src\Illuminate\Database\Query\Builder.php:4170
C:\xampp\htdocs\laravel-projects\Refactoring\Epic-Explore-Api\vendor\laravel\framework\src\Illuminate\Database\Eloquent\Builder.php:2237
C:\xampp\htdocs\laravel-projects\Refactoring\Epic-Explore-Api\vendor\laravel\framework\src\Illuminate\Database\Eloquent\Model.php:1436
C:\xampp\htdocs\laravel-projects\Refactoring\Epic-Explore-Api\vendor\laravel\framework\src\Illuminate\Database\Eloquent\Model.php:1401
C:\xampp\htdocs\laravel-projects\Refactoring\Epic-Explore-Api\vendor\laravel\framework\src\Illuminate\Database\Eloquent\Model.php:1240
C:\xampp\htdocs\laravel-projects\Refactoring\Epic-Explore-Api\vendor\laravel\framework\src\Illuminate\Database\Eloquent\Factories\Factory.php:370
C:\xampp\htdocs\laravel-projects\Refactoring\Epic-Explore-Api\vendor\laravel\framework\src\Illuminate\Collections\Traits\EnumeratesValues.php:275
C:\xampp\htdocs\laravel-projects\Refactoring\Epic-Explore-Api\vendor\laravel\framework\src\Illuminate\Database\Eloquent\Factories\Factory.php:365
C:\xampp\htdocs\laravel-projects\Refactoring\Epic-Explore-Api\vendor\laravel\framework\src\Illuminate\Database\Eloquent\Factories\Factory.php:321
C:\xampp\htdocs\laravel-projects\Refactoring\Epic-Explore-Api\tests\Feature\ExplorationTest.php:120</error>
    </testcase>
    <testcase name="test_personalized_ai_recommendations" file="C:\xampp\htdocs\laravel-projects\Refactoring\Epic-Explore-Api\tests\Feature\ExplorationTest.php" line="141" class="Tests\Feature\ExplorationTest" classname="Tests.Feature.ExplorationTest" assertions="0" time="0.080293">
      <error type="Illuminate\Database\QueryException">Tests\Feature\ExplorationTest::test_personalized_ai_recommendations&#13;
Illuminate\Database\QueryException: SQLSTATE[23000]: Integrity constraint violation: 19 NOT NULL constraint failed: users.image (Connection: sqlite, Database: :memory:, SQL: insert into "users" ("name", "email", "email_verified_at", "password", "remember_token", "updated_at", "created_at") values (Hester Marvin, keely43@example.com, 2026-04-18 19:43:26, $2y$04$r.gXy/IImjRCH.GCb5Pn.e3ABhlquWmjdXTGBk3CdBVAvmRE2/bAS, w8KgPBPZzy, 2026-04-18 19:43:26, 2026-04-18 19:43:26))
&#13;
C:\xampp\htdocs\laravel-projects\Refactoring\Epic-Explore-Api\vendor\laravel\framework\src\Illuminate\Database\Connection.php:838
C:\xampp\htdocs\laravel-projects\Refactoring\Epic-Explore-Api\vendor\laravel\framework\src\Illuminate\Database\Connection.php:794
C:\xampp\htdocs\laravel-projects\Refactoring\Epic-Explore-Api\vendor\laravel\framework\src\Illuminate\Database\Connection.php:573
C:\xampp\htdocs\laravel-projects\Refactoring\Epic-Explore-Api\vendor\laravel\framework\src\Illuminate\Database\Connection.php:537
C:\xampp\htdocs\laravel-projects\Refactoring\Epic-Explore-Api\vendor\laravel\framework\src\Illuminate\Database\Query\Processors\Processor.php:32
C:\xampp\htdocs\laravel-projects\Refactoring\Epic-Explore-Api\vendor\laravel\framework\src\Illuminate\Database\Query\Builder.php:4170
C:\xampp\htdocs\laravel-projects\Refactoring\Epic-Explore-Api\vendor\laravel\framework\src\Illuminate\Database\Eloquent\Builder.php:2237
C:\xampp\htdocs\laravel-projects\Refactoring\Epic-Explore-Api\vendor\laravel\framework\src\Illuminate\Database\Eloquent\Model.php:1436
C:\xampp\htdocs\laravel-projects\Refactoring\Epic-Explore-Api\vendor\laravel\framework\src\Illuminate\Database\Eloquent\Model.php:1401
C:\xampp\htdocs\laravel-projects\Refactoring\Epic-Explore-Api\vendor\laravel\framework\src\Illuminate\Database\Eloquent\Model.php:1240
C:\xampp\htdocs\laravel-projects\Refactoring\Epic-Explore-Api\vendor\laravel\framework\src\Illuminate\Database\Eloquent\Factories\Factory.php:370
C:\xampp\htdocs\laravel-projects\Refactoring\Epic-Explore-Api\vendor\laravel\framework\src\Illuminate\Collections\Traits\EnumeratesValues.php:275
C:\xampp\htdocs\laravel-projects\Refactoring\Epic-Explore-Api\vendor\laravel\framework\src\Illuminate\Database\Eloquent\Factories\Factory.php:365
C:\xampp\htdocs\laravel-projects\Refactoring\Epic-Explore-Api\vendor\laravel\framework\src\Illuminate\Database\Eloquent\Factories\Factory.php:321
C:\xampp\htdocs\laravel-projects\Refactoring\Epic-Explore-Api\tests\Feature\ExplorationTest.php:143</error>
    </testcase>
  </testsuite>
</testsuites>
